2026-09-16T20:27:30.173924400 - Student registered: 25BCE10679
2026-09-16T21:00:02.275543600 - Organizer registered: F204
2026-09-16T21:00:23.146472600 - Organizer logged in: F204
2026-09-16T21:01:41.490170800 - Event created: E02
2026-09-16T21:02:52.265019700 - Organizer logged out: F204
2026-09-16T21:03:26.771265600 - Student logged in: 25BCE10679
2026-09-16T21:04:11.008386100 - Student 25BCE10679 registered for event E02
2026-09-16T21:04:20.991557700 - Student logged out: 25BCE10679
2026-09-16T21:04:43.778450700 - Application closed.
2026-09-17T16:45:08.043824400 - Organizer registered: F207
2026-09-17T16:45:28.409624300 - Organizer logged in: F207
2026-09-17T16:47:42.405770100 - Event created: E03
2026-09-17T16:50:08.370619400 - Event created: E04
2026-09-17T16:50:40.727651800 - Organizer logged out: F207
2026-09-17T16:51:39.932593300 - Organizer registered: F208
2026-09-17T16:51:50.675253400 - Organizer logged in: F208
2026-09-17T16:54:05.473676300 - Event created: E05
2026-09-17T16:54:10.817707500 - Organizer logged out: F208
2026-09-17T16:56:45.524093300 - Student registered: 25BHI11265
2026-09-17T16:57:10.993688300 - Student logged in: 25BHI11265
2026-09-17T16:57:51.378667200 - Student 25BHI11265 registered for event E05
2026-09-17T16:58:10.013409 - Student 25BHI11265 registered for event E02
2026-09-17T16:58:29.128735700 - Student logged out: 25BHI11265
2026-09-17T16:59:42.819366800 - Application closed.
2026-09-18T00:23:56.201347700 - Organizer logged in: F207
2026-09-18T00:26:38.915375600 - Organizer logged out: F207
2026-09-18T00:27:20.096158600 - Student logged in: 25BCE10679
